<html>
<body>
<pre>
<h1>µVision Build Log</h1>
<h2>Tool Versions:</h2>
IDE-Version: ¦ÌVision V5.37.0.0
Copyright (C) 2022 ARM Ltd and ARM Germany GmbH. All rights reserved.
License Information: df Lenovo, fvfd, LIC=8VRJ7-ESSP0-UHB8H-WABHF-SK4D4-9LBS3
 
Tool Versions:
Toolchain:       MDK-ARM Plus  Version: 5.37.0.0
Toolchain Path:  D:\keil\ARM\ARM_Complier\Bin
C Compiler:      Armcc.exe V5.06 update 7 (build 960)
Assembler:       Armasm.exe V5.06 update 7 (build 960)
Linker/Locator:  ArmLink.exe V5.06 update 7 (build 960)
Library Manager: ArmAr.exe V5.06 update 7 (build 960)
Hex Converter:   FromElf.exe V5.06 update 7 (build 960)
CPU DLL:         SARMCM3.DLL V5.37.0.0
Dialog DLL:      DCM.DLL V1.17.5.0
Target DLL:      STLink\ST-LINKIII-KEIL_SWO.dll V3.0.9.0
Dialog DLL:      TCM.DLL V1.56.1.0
 
<h2>Project:</h2>
F:\programs\stm32\CSB\MDK-ARM\CSB.uvprojx
Project File Date:  10/07/2023

<h2>Output:</h2>
*** Using Compiler 'V5.06 update 7 (build 960)', folder: 'D:\keil\ARM\ARM_Complier\Bin'
Build target 'CSB'
compiling main.c...
../Core/Src/main.c(164): warning:  #940-D: missing return statement at end of non-void function "calc" 
  }
../Core/Src/main.c(171): warning:  #188-D: enumerated type mixed with another type
  	HAL_GPIO_WritePin(RED_GPIO_Port,RED_Pin,0);
../Core/Src/main.c(172): warning:  #188-D: enumerated type mixed with another type
  	HAL_GPIO_WritePin(GREEN_GPIO_Port,GREEN_Pin,1);
../Core/Src/main.c(173): warning:  #940-D: missing return statement at end of non-void function "green" 
  }
../Core/Src/main.c(177): warning:  #188-D: enumerated type mixed with another type
  	HAL_GPIO_WritePin(GREEN_GPIO_Port,GREEN_Pin,0);
../Core/Src/main.c(178): warning:  #188-D: enumerated type mixed with another type
  	HAL_GPIO_WritePin(RED_GPIO_Port,RED_Pin,1);
../Core/Src/main.c(179): warning:  #940-D: missing return statement at end of non-void function "red" 
  }
../Core/Src/main.c(240): warning:  #940-D: missing return statement at end of non-void function "blink" 
  }
../Core/Src/main.c(301): warning:  #940-D: missing return statement at end of non-void function "bef_blink" 
  }
../Core/Src/main.c(337): warning:  #188-D: enumerated type mixed with another type
  	HAL_GPIO_WritePin(LED_GPIO_Port,LED_Pin,0);
../Core/Src/main.c: 10 warnings, 0 errors
linking...
Program Size: Code=7374 RO-data=462 RW-data=28 ZI-data=1772  
FromELF: creating hex file...
"CSB\CSB.axf" - 0 Error(s), 10 Warning(s).

<h2>Software Packages used:</h2>

Package Vendor: ARM
                http://www.keil.com/pack/ARM.CMSIS.5.9.0.pack
                ARM.CMSIS.5.9.0
                CMSIS (Common Microcontroller Software Interface Standard)
   * Component: CORE Version: 5.6.0

Package Vendor: Keil
                http://www.keil.com/pack/Keil.STM32F4xx_DFP.2.16.0.pack
                Keil.STM32F4xx_DFP.2.16.0
                STMicroelectronics STM32F4 Series Device Support, Drivers and Examples

<h2>Collection of Component include folders:</h2>
  ./RTE/_CSB
  D:/keil/packs/ARM/CMSIS/5.9.0/CMSIS/Core/Include
  D:/keil/packs/Keil/STM32F4xx_DFP/2.16.0/Drivers/CMSIS/Device/ST/STM32F4xx/Include

<h2>Collection of Component Files used:</h2>

   * Component: ARM::CMSIS:CORE:5.6.0
      Include file:  CMSIS/Core/Include/tz_context.h
Build Time Elapsed:  00:00:01
</pre>
</body>
</html>
